// Jest Snapshot v1, https://goo.gl/fbAQLP

exports[`<Main /> should render the heading 1`] = `
.c0 {
  background-color: #06092b;
  color: #fff;
  width: 100%;
  height: 100%;
  text-align: center;
  display: -webkit-box;
  display: -webkit-flex;
  display: -ms-flexbox;
  display: flex;
  -webkit-flex-direction: column;
  -ms-flex-direction: column;
  flex-direction: column;
  justify-items: center;
  -webkit-align-items: center;
  -webkit-box-align: center;
  -ms-flex-align: center;
  align-items: center;
  -webkit-box-pack: center;
  -webkit-justify-content: center;
  -ms-flex-pack: center;
  justify-content: center;
  padding: 3rem;
}

.c2 {
  font-size: 2.5rem;
}

.c1 {
  width: 25rem;
  margin-bottom: 2.5rem;
}

.c3 {
  font-size: 2rem;
  font-weight: 400;
}

.c4 {
  margin-top: 3rem;
  width: -webkit-min-content(30rem,100%);
  width: -moz-min-content(30rem,100%);
  width: min-content(30rem,100%);
}

<main
  class="c0"
>
  <img
    class="c1"
    src="/img/logo.svg"
  />
  <h1
    class="c2"
  >
     
    React Avancado
  </h1>
  <h2
    class="c3"
  >
    TypeScript, ReactJS, NextJS e Styled Components
  </h2>
  <img
    class="c4"
    src="img/thenanobel-programming.svg"
  />
</main>
`;
